// Jest Snapshot v1, https://goo.gl/fbAQLP

exports[`text error tests test error renders when touched and error message 1`] = `
<Text
  style={
    [
      {
        "textAlign": "left",
      },
      {
        "color": "rgba(73, 69, 79, 1)",
      },
      {
        "writingDirection": "ltr",
      },
      {
        "color": "red",
        "marginLeft": 5,
      },
    ]
  }
>
  error
</Text>
`;
