// Jest Snapshot v1, https://goo.gl/fbAQLP

exports[`background scroll view dark mode test 1`] = `
<RCTSafeAreaView
  style={
    {
      "backgroundColor": "#222",
      "flex": 1,
    }
  }
>
  <RCTScrollView
    contentInsetAdjustmentBehavior="automatic"
    style={
      {
        "backgroundColor": "#222",
        "flex": 1,
      }
    }
  >
    <View>
      <View />
    </View>
  </RCTScrollView>
</RCTSafeAreaView>
`;
