// Jest Snapshot v1, https://goo.gl/fbAQLP

exports[`sharing page tests sharing page renders test 1`] = `
<View
  style={
    {
      "flex": 1,
    }
  }
>
  <RCTSafeAreaView
    style={
      {
        "backgroundColor": "#F3F3F3",
        "flex": 1,
      }
    }
  >
    <RCTScrollView
      contentInsetAdjustmentBehavior="automatic"
      style={
        {
          "backgroundColor": "#F3F3F3",
          "flex": 1,
        }
      }
    >
      <View>
        <View
          style={
            {
              "flexDirection": "row",
              "justifyContent": "center",
            }
          }
        >
          <View
            collapsable={false}
            style={
              {
                "backgroundColor": "rgb(247, 243, 249)",
                "borderColor": "transparent",
                "borderRadius": 20,
                "borderStyle": "solid",
                "borderWidth": 0,
                "flexBasis": "46%",
                "margin": 5,
                "minWidth": 64,
                "shadowColor": "#000000",
                "shadowOffset": {
                  "height": 3,
                  "width": 0,
                },
                "shadowOpacity": 0.24,
                "shadowRadius": 4,
              }
            }
          >
            <View
              accessibilityRole="button"
              accessibilityState={
                {
                  "disabled": false,
                }
              }
              accessible={true}
              collapsable={false}
              focusable={true}
              onBlur={[Function]}
              onClick={[Function]}
              onFocus={[Function]}
              onResponderGrant={[Function]}
              onResponderMove={[Function]}
              onResponderRelease={[Function]}
              onResponderTerminate={[Function]}
              onResponderTerminationRequest={[Function]}
              onStartShouldSetResponder={[Function]}
              style={
                [
                  {
                    "overflow": "hidden",
                  },
                  false,
                  {
                    "borderRadius": 20,
                  },
                ]
              }
            >
              <View
                style={
                  [
                    {
                      "alignItems": "center",
                      "flexDirection": "row",
                      "justifyContent": "center",
                    },
                    undefined,
                  ]
                }
              >
                <View
                  style={
                    [
                      {
                        "marginLeft": 12,
                        "marginRight": -4,
                      },
                      {
                        "marginLeft": 16,
                        "marginRight": -16,
                      },
                      false,
                    ]
                  }
                >
                  <Text
                    accessibilityElementsHidden={true}
                    allowFontScaling={false}
                    importantForAccessibility="no-hide-descendants"
                    pointerEvents="none"
                    selectable={false}
                    style={
                      [
                        {
                          "color": "rgba(103, 80, 164, 1)",
                          "fontSize": 18,
                        },
                        [
                          {
                            "lineHeight": 18,
                            "transform": [
                              {
                                "scaleX": 1,
                              },
                            ],
                          },
                          {
                            "backgroundColor": "transparent",
                          },
                        ],
                        {
                          "fontFamily": "Material Design Icons",
                          "fontStyle": "normal",
                          "fontWeight": "normal",
                        },
                        {},
                      ]
                    }
                  >
                    󱣰
                  </Text>
                </View>
                <Text
                  numberOfLines={1}
                  selectable={false}
                  style={
                    [
                      {
                        "textAlign": "left",
                      },
                      {
                        "color": "rgba(73, 69, 79, 1)",
                      },
                      {
                        "writingDirection": "ltr",
                      },
                      [
                        {
                          "marginHorizontal": 16,
                          "marginVertical": 9,
                          "textAlign": "center",
                        },
                        false,
                        {
                          "marginHorizontal": 24,
                          "marginVertical": 10,
                        },
                        undefined,
                        false,
                        {
                          "color": "rgba(103, 80, 164, 1)",
                          "fontFamily": "System",
                          "fontSize": 14,
                          "fontWeight": "500",
                          "letterSpacing": 0.1,
                          "lineHeight": 20,
                        },
                        undefined,
                      ],
                    ]
                  }
                >
                  mainMenu.routes
                </Text>
              </View>
            </View>
          </View>
          <View
            collapsable={false}
            style={
              {
                "backgroundColor": "rgba(103, 80, 164, 1)",
                "borderColor": "transparent",
                "borderRadius": 20,
                "borderStyle": "solid",
                "borderWidth": 0,
                "flexBasis": "46%",
                "margin": 5,
                "minWidth": 64,
                "shadowColor": "#000000",
                "shadowOffset": {
                  "height": 3,
                  "width": 0,
                },
                "shadowOpacity": 0.24,
                "shadowRadius": 4,
              }
            }
          >
            <View
              accessibilityRole="button"
              accessibilityState={
                {
                  "disabled": false,
                }
              }
              accessible={true}
              collapsable={false}
              focusable={true}
              onBlur={[Function]}
              onClick={[Function]}
              onFocus={[Function]}
              onResponderGrant={[Function]}
              onResponderMove={[Function]}
              onResponderRelease={[Function]}
              onResponderTerminate={[Function]}
              onResponderTerminationRequest={[Function]}
              onStartShouldSetResponder={[Function]}
              style={
                [
                  {
                    "overflow": "hidden",
                  },
                  false,
                  {
                    "borderRadius": 20,
                  },
                ]
              }
            >
              <View
                style={
                  [
                    {
                      "alignItems": "center",
                      "flexDirection": "row",
                      "justifyContent": "center",
                    },
                    undefined,
                  ]
                }
              >
                <View
                  style={
                    [
                      {
                        "marginLeft": 12,
                        "marginRight": -4,
                      },
                      {
                        "marginLeft": 16,
                        "marginRight": -16,
                      },
                      false,
                    ]
                  }
                >
                  <Text
                    accessibilityElementsHidden={true}
                    allowFontScaling={false}
                    importantForAccessibility="no-hide-descendants"
                    pointerEvents="none"
                    selectable={false}
                    style={
                      [
                        {
                          "color": "rgba(255, 255, 255, 1)",
                          "fontSize": 18,
                        },
                        [
                          {
                            "lineHeight": 18,
                            "transform": [
                              {
                                "scaleX": 1,
                              },
                            ],
                          },
                          {
                            "backgroundColor": "transparent",
                          },
                        ],
                        {
                          "fontFamily": "Material Design Icons",
                          "fontStyle": "normal",
                          "fontWeight": "normal",
                        },
                        {},
                      ]
                    }
                  >
                    󰍎
                  </Text>
                </View>
                <Text
                  numberOfLines={1}
                  selectable={false}
                  style={
                    [
                      {
                        "textAlign": "left",
                      },
                      {
                        "color": "rgba(73, 69, 79, 1)",
                      },
                      {
                        "writingDirection": "ltr",
                      },
                      [
                        {
                          "marginHorizontal": 16,
                          "marginVertical": 9,
                          "textAlign": "center",
                        },
                        false,
                        {
                          "marginHorizontal": 24,
                          "marginVertical": 10,
                        },
                        undefined,
                        false,
                        {
                          "color": "rgba(255, 255, 255, 1)",
                          "fontFamily": "System",
                          "fontSize": 14,
                          "fontWeight": "500",
                          "letterSpacing": 0.1,
                          "lineHeight": 20,
                        },
                        undefined,
                      ],
                    ]
                  }
                >
                  mainMenu.points
                </Text>
              </View>
            </View>
          </View>
        </View>
        <View
          style={
            {
              "flex": 1,
              "flexDirection": "row",
              "flexWrap": "wrap",
              "justifyContent": "center",
            }
          }
        />
      </View>
    </RCTScrollView>
  </RCTSafeAreaView>
  <View
    collapsable={false}
    pointerEvents="auto"
    style={
      {
        "backgroundColor": "rgba(234, 221, 255, 1)",
        "borderRadius": 50,
        "bottom": 0,
        "margin": 16,
        "opacity": 1,
        "overflow": "hidden",
        "position": "absolute",
        "right": 0,
        "shadowColor": "#000000",
        "shadowOffset": {
          "height": 3,
          "width": 0,
        },
        "shadowOpacity": 0.24,
        "shadowRadius": 4,
        "transform": [
          {
            "scale": 1,
          },
        ],
      }
    }
  >
    <View
      accessibilityRole="button"
      accessibilityState={
        {
          "disabled": false,
        }
      }
      accessible={true}
      collapsable={false}
      focusable={true}
      onBlur={[Function]}
      onClick={[Function]}
      onFocus={[Function]}
      onResponderGrant={[Function]}
      onResponderMove={[Function]}
      onResponderRelease={[Function]}
      onResponderTerminate={[Function]}
      onResponderTerminationRequest={[Function]}
      onStartShouldSetResponder={[Function]}
      style={
        [
          {
            "overflow": "hidden",
          },
          false,
          undefined,
        ]
      }
      testID="fab"
    >
      <View
        pointerEvents="none"
        style={
          [
            {
              "alignItems": "center",
              "flexDirection": "row",
              "justifyContent": "center",
            },
            {
              "borderRadius": 16,
              "height": 56,
              "width": 56,
            },
          ]
        }
        testID="fab-content"
      >
        <View
          style={
            [
              {
                "alignItems": "center",
                "justifyContent": "center",
              },
              {
                "height": 24,
                "width": 24,
              },
            ]
          }
        >
          <View
            collapsable={false}
            style={
              {
                "bottom": 0,
                "left": 0,
                "opacity": 1,
                "position": "absolute",
                "right": 0,
                "top": 0,
                "transform": [
                  {
                    "rotate": "0deg",
                  },
                ],
              }
            }
          >
            <Text
              accessibilityElementsHidden={true}
              allowFontScaling={false}
              importantForAccessibility="no-hide-descendants"
              pointerEvents="none"
              selectable={false}
              style={
                [
                  {
                    "color": "rgba(33, 0, 93, 1)",
                    "fontSize": 24,
                  },
                  [
                    {
                      "lineHeight": 24,
                      "transform": [
                        {
                          "scaleX": 1,
                        },
                      ],
                    },
                    {
                      "backgroundColor": "transparent",
                    },
                  ],
                  {
                    "fontFamily": "Material Design Icons",
                    "fontStyle": "normal",
                    "fontWeight": "normal",
                  },
                  {},
                ]
              }
            >
              󰐕
            </Text>
          </View>
        </View>
      </View>
    </View>
  </View>
</View>
`;
